[5051] T1 : Node is up and running
[5052] T1 : Node is up and running
[5053] T1 : Node is up and running
[5053] T2 : Sending a request to everyone
[5051] T3 : Request from 5053
[5053] T3 : Reply from 5051
[5052] T4 : Request from 5053
[5053] T4 : Reply from 5052
[5053] T5 : Entering critical section
[5051] T4 : Sending a request to everyone
[5052] T5 : Request from 5051
[5051] T5 : Reply from 5052
[5053] T6 : Request from 5051
[5053] T7 : Putting the request from 5051 in the queue
[5053] T7 : Exiting critical section
[5051] T6 : Reply from 5053
[5051] T7 : Entering critical section
[5053] T9 : Sending a request to everyone
[5051] T10 : Request from 5053
[5051] T11 : Putting the request from 5053 in the queue
[5052] T10 : Request from 5053
[5053] T10 : Reply from 5052
[5052] T11 : Sending a request to everyone
[5051] T12 : Request from 5052
[5051] T13 : Putting the request from 5052 in the queue
[5053] T12 : Request from 5052
[5053] T13 : Putting the request from 5052 in the queue
[5051] T13 : Exiting critical section
[5053] T14 : Reply from 5051
[5052] T12 : Reply from 5051
[5053] T15 : Entering critical section
[5053] T15 : Exiting critical section
[5051] T15 : Reply from 5053
[5052] T13 : Reply from 5053
[5052] T14 : Entering critical section
[5052] T14 : Exiting critical section
